// Jest Snapshot v1, https://goo.gl/fbAQLP

exports[`appReducer should set loading state 1`] = `
Object {
  "isLoading": true,
}
`;
